// Jest Snapshot v1, https://goo.gl/fbAQLP

exports[`App component renders App 1`] = `
<DocumentFragment>
  <main>
    <form>
      <input
        placeholder="Search"
        type="text"
        value=""
      />
      <button
        type="submit"
      >
        Search
      </button>
    </form>
    <ul />
  </main>
</DocumentFragment>
`;
